[   64227ms] [WARNING] [TAURI] Couldn't find callback id 2600089110. This might happen when the app is reloaded while Rust is running an asynchronous operation. @ :285
[  144362ms] [WARNING] [TAURI] Couldn't find callback id 1564734430. This might happen when the app is reloaded while Rust is running an asynchronous operation. @ :285
[ 1505617ms] [ERROR] ReferenceError: activeTimelineUserId is not defined
    at ud (http://tauri.localhost/assets/index-DRcp_ans.js:36:4516)
    at ui (http://tauri.localhost/assets/index-DRcp_ans.js:1:20633)
    at bn (http://tauri.localhost/assets/index-DRcp_ans.js:1:20704)
    at Rf (http://tauri.localhost/assets/index-DRcp_ans.js:1:41713)
    at R (http://tauri.localhost/assets/index-DRcp_ans.js:2:41450)
    at ui (http://tauri.localhost/assets/index-DRcp_ans.js:1:20633)
    at bn (http://tauri.localhost/assets/index-DRcp_ans.js:1:20704)
    at Rf (http://tauri.localhost/assets/index-DRcp_ans.js:1:41713)
    at i (http://tauri.localhost/assets/index-DRcp_ans.js:2:40127)
    at http://tauri.localhost/assets/index-DRcp_ans.js:2:3173 @ http://tauri.localhost/assets/index-DRcp_ans.js:0
[ 1509964ms] [ERROR] ReferenceError: activeTimelineUserId is not defined
    at ud (http://tauri.localhost/assets/index-DRcp_ans.js:36:4516)
    at ui (http://tauri.localhost/assets/index-DRcp_ans.js:1:20633)
    at bn (http://tauri.localhost/assets/index-DRcp_ans.js:1:20704)
    at Rf (http://tauri.localhost/assets/index-DRcp_ans.js:1:41713)
    at R (http://tauri.localhost/assets/index-DRcp_ans.js:2:41450)
    at ui (http://tauri.localhost/assets/index-DRcp_ans.js:1:20633)
    at bn (http://tauri.localhost/assets/index-DRcp_ans.js:1:20704)
    at Rf (http://tauri.localhost/assets/index-DRcp_ans.js:1:41713)
    at i (http://tauri.localhost/assets/index-DRcp_ans.js:2:40127)
    at http://tauri.localhost/assets/index-DRcp_ans.js:2:3173 @ http://tauri.localhost/assets/index-DRcp_ans.js:0
[ 1515917ms] [ERROR] ReferenceError: activeTimelineUserId is not defined
    at ud (http://tauri.localhost/assets/index-DRcp_ans.js:36:4516)
    at ui (http://tauri.localhost/assets/index-DRcp_ans.js:1:20633)
    at bn (http://tauri.localhost/assets/index-DRcp_ans.js:1:20704)
    at Rf (http://tauri.localhost/assets/index-DRcp_ans.js:1:41713)
    at R (http://tauri.localhost/assets/index-DRcp_ans.js:2:41450)
    at ui (http://tauri.localhost/assets/index-DRcp_ans.js:1:20633)
    at bn (http://tauri.localhost/assets/index-DRcp_ans.js:1:20704)
    at Rf (http://tauri.localhost/assets/index-DRcp_ans.js:1:41713)
    at i (http://tauri.localhost/assets/index-DRcp_ans.js:2:40127)
    at http://tauri.localhost/assets/index-DRcp_ans.js:2:3173 @ http://tauri.localhost/assets/index-DRcp_ans.js:0
[ 1519842ms] [ERROR] ReferenceError: activeTimelineUserId is not defined
    at ud (http://tauri.localhost/assets/index-DRcp_ans.js:36:4516)
    at ui (http://tauri.localhost/assets/index-DRcp_ans.js:1:20633)
    at bn (http://tauri.localhost/assets/index-DRcp_ans.js:1:20704)
    at Rf (http://tauri.localhost/assets/index-DRcp_ans.js:1:41713)
    at R (http://tauri.localhost/assets/index-DRcp_ans.js:2:41450)
    at ui (http://tauri.localhost/assets/index-DRcp_ans.js:1:20633)
    at bn (http://tauri.localhost/assets/index-DRcp_ans.js:1:20704)
    at Rf (http://tauri.localhost/assets/index-DRcp_ans.js:1:41713)
    at i (http://tauri.localhost/assets/index-DRcp_ans.js:2:40127)
    at http://tauri.localhost/assets/index-DRcp_ans.js:2:3173 @ http://tauri.localhost/assets/index-DRcp_ans.js:0
[ 1520084ms] [ERROR] ReferenceError: activeTimelineUserId is not defined
    at ud (http://tauri.localhost/assets/index-DRcp_ans.js:36:4516)
    at ui (http://tauri.localhost/assets/index-DRcp_ans.js:1:20633)
    at bn (http://tauri.localhost/assets/index-DRcp_ans.js:1:20704)
    at Rf (http://tauri.localhost/assets/index-DRcp_ans.js:1:41713)
    at R (http://tauri.localhost/assets/index-DRcp_ans.js:2:41450)
    at ui (http://tauri.localhost/assets/index-DRcp_ans.js:1:20633)
    at bn (http://tauri.localhost/assets/index-DRcp_ans.js:1:20704)
    at Rf (http://tauri.localhost/assets/index-DRcp_ans.js:1:41713)
    at i (http://tauri.localhost/assets/index-DRcp_ans.js:2:40127)
    at http://tauri.localhost/assets/index-DRcp_ans.js:2:3173 @ http://tauri.localhost/assets/index-DRcp_ans.js:0
[ 2880780ms] [VERBOSE] [DOM] Password field is not contained in a form: (More info: https://www.chromium.org/developers/design-documents/create-amazing-password-forms) %o @ http://tauri.localhost/:0
